============================= test session starts =============================
platform win32 -- Python 3.13.6, pytest-8.4.1, pluggy-1.6.0 -- C:\Users\mehdi\OneDrive\Documents\GitHub\SurgicalAI\.venv\Scripts\python.exe
cachedir: .pytest_cache
rootdir: C:\Users\mehdi\OneDrive\Documents\GitHub\SurgicalAI
configfile: pyproject.toml
plugins: anyio-4.10.0
collecting ... collected 0 items / 1 error

=================================== ERRORS ====================================
_________________ ERROR collecting tests/test_infer_basics.py _________________
.venv\Lib\site-packages\_pytest\python.py:498: in importtestmodule
    mod = import_path(
.venv\Lib\site-packages\_pytest\pathlib.py:587: in import_path
    importlib.import_module(module_name)
C:\Program Files\WindowsApps\PythonSoftwareFoundation.Python.3.13_3.13.1776.0_x64__qbz5n2kfra8p0\Lib\importlib\__init__.py:88: in import_module
    return _bootstrap._gcd_import(name[level:], package, level)
           ^^^^^^^^^^^^^^^^^^^^^^^^^^^^^^^^^^^^^^^^^^^^^^^^^^^^
<frozen importlib._bootstrap>:1387: in _gcd_import
    ???
<frozen importlib._bootstrap>:1360: in _find_and_load
    ???
<frozen importlib._bootstrap>:1331: in _find_and_load_unlocked
    ???
<frozen importlib._bootstrap>:935: in _load_unlocked
    ???
.venv\Lib\site-packages\_pytest\assertion\rewrite.py:186: in exec_module
    exec(co, module.__dict__)
tests\test_infer_basics.py:12: in <module>
    from server.model_infer import run_inference, CLASS2IDX, IDX2CLASS
E     File "C:\Users\mehdi\OneDrive\Documents\GitHub\SurgicalAI\server\model_infer.py", line 111
E       *** End File
E       ^^
E   SyntaxError: invalid syntax
=========================== short test summary info ===========================
ERROR tests/test_infer_basics.py
!!!!!!!!!!!!!!!!!!! Interrupted: 1 error during collection !!!!!!!!!!!!!!!!!!!!
============================== 1 error in 0.51s ===============================
